// Vitest Snapshot v1, https://vitest.dev/guide/snapshot.html

exports[`Button > Snapshot > matches snapshot for primary variant 1`] = `
<button
  class="inline-flex items-center justify-center gap-sm whitespace-nowrap font-medium transition-colors focus-visible:outline-none focus-visible:ring-1 focus-visible:ring-ring disabled:pointer-events-none disabled:opacity-50 [&_svg]:pointer-events-none [&_svg]:size-4 [&_svg]:shrink-0 bg-primary text-primary-foreground shadow hover:bg-primary/90 h-9 rounded-md px-md py-sm text-sm"
>
  Primary Button
</button>
`;
